---
source: core/tests/suite/scenarios_agent_message_board.rs
assertion_line: 88
expression: "context_snapshot::format_context_snapshot(\"An active agent posts a shared decision and fetches the text without a self-notification.\",\n&bodies.iter().map(SnapshotEntry::body).collect::<Vec<_>>(), &ContextSnapshotOptions::default().rewrite_known_segments(),)"
---
Scenario: An active agent posts a shared decision and fetches the text without a self-notification.

## Window 1
-- request 1 (request) --
00:message/developer[2]:
    [01] <PERMISSIONS_INSTRUCTIONS>
    [02] <ENVIRONMENT_CONTEXT>
01:message/developer:
    You are `/root`, the primary agent in a team of agents collaborating to fulfill the user's goals.

    At the start of your turn, you are the active agent.
    You can spawn sub-agents for bounded subtasks when delegation is available; a child can spawn further sub-agents only when that capability is available to it.
    Agent capabilities, including tools and model access, may differ by host and role; rely only on the capabilities exposed for each agent.

    You can use `spawn_agent` to create a new agent, `followup_task` to give an existing agent a new task an...message to a running agent without triggering a turn. [hash=7d40ff8b58977202]
    Child agents may spawn their own sub-agents only when the host grants them recursive delegation capability.
    <OMITTED 16 LINES; ~182 TOKENS; hash=944913d97f0914de>
    - All agents use the same current working directory.
    - As a result, edits made by one agent are immediately visible to all other agents.

    When a provided collaboration wait tool supports long waits, prefer minutes to avoid busy polling.

    There are 4 available concurrency slots, meaning that up to 4 agents can be active at once, including you.

    Full-history forks (`fork_turns` omitted or `"all"`) inherit the parent model and reasoning effort and d...fork_turns` to `"none"` or a positive integer string. [hash=db3545796947884f]
02:message/developer:
    <MULTI_AGENT_MODE>
03:message/user:
    Record the decision on the board, notify me, and read it.
-- request 2 (request) --
04:function_call/collaboration.post:{"agents_to_notify":["/root"],"new_channel_name":"design","text":"A shared decision."}
05:function_call_output:{"author":"/root","channel_name":"design","created_at":"2026-09-18T12:00:00Z","message_id":"<UUID 1>","thread_id":"<UUID 1>"}
-- request 3 (request) --
06:function_call/collaboration.search_posts:{"channel_name":"design","query":"decision"}
07:function_call_output:{"has_more":false,"n_returned":1,"next_cursor":null,"results":[{"author":"/root","channel_name":"design"...ecision.","thread_id":"<UUID 1>","truncated":false}]} [hash=facdb1e4f66cc5b9]
